xrun(64): 22.03-s012: (c) Copyright 1995-2023 Cadence Design Systems, Inc.
TOOL:	xrun(64)	22.03-s012: Started on May 25, 2026 at 22:10:39 CDT
xrun
	-f run.f
		-64
		-uvmhome /opt/coe/cadence/XCELIUM/tools/methodology/UVM/CDNS-1.1d/sv
		-incdir ../sv
		../sv/yapp_pkg.sv
		../sv/yapp_if.sv
		clkgen.sv
		tb_top.sv
		hw_top.sv
		+UVM_TESTNAME=short_yapp_012_seq
		-timescale 1ns/1ns
SOFTINCLUDE $SYSTEM_CDS_LIB_DIR/cds.lib
|
xrun: *W,DLCVAR (/home/grads/n/nithingowtham25/cds.lib,3): cds.lib Invalid environment variable ''.
DEFINE basic $CDK_DIR/lib/basic
|
xrun: *W,DLCVAR (/home/grads/n/nithingowtham25/cds.lib,4): cds.lib Invalid environment variable ''.
DEFINE NCSU_Analog_Parts $CDK_DIR/lib/NCSU_Analog_Parts
|
xrun: *W,DLCVAR (/home/grads/n/nithingowtham25/cds.lib,5): cds.lib Invalid environment variable ''.
DEFINE NCSU_Digital_Parts $CDK_DIR/lib/NCSU_Digital_Parts
|
xrun: *W,DLCVAR (/home/grads/n/nithingowtham25/cds.lib,6): cds.lib Invalid environment variable ''.
DEFINE NCSU_TechLib_ami06 $CDK_DIR/lib/NCSU_TechLib_ami06
|
xrun: *W,DLCVAR (/home/grads/n/nithingowtham25/cds.lib,8): cds.lib Invalid environment variable ''.
DEFINE NCSU_TechLib_ami16 $CDK_DIR/lib/NCSU_TechLib_ami16
|
xrun: *W,DLCVAR (/home/grads/n/nithingowtham25/cds.lib,9): cds.lib Invalid environment variable ''.
DEFINE NCSU_TechLib_hp06 $CDK_DIR/lib/NCSU_TechLib_hp06
|
xrun: *W,DLCVAR (/home/grads/n/nithingowtham25/cds.lib,10): cds.lib Invalid environment variable ''.
DEFINE NCSU_TechLib_tsmc02 $CDK_DIR/lib/NCSU_TechLib_tsmc02
|
xrun: *W,DLCVAR (/home/grads/n/nithingowtham25/cds.lib,11): cds.lib Invalid environment variable ''.
DEFINE NCSU_TechLib_tsmc02d $CDK_DIR/lib/NCSU_TechLib_tsmc02d
|
xrun: *W,DLCVAR (/home/grads/n/nithingowtham25/cds.lib,12): cds.lib Invalid environment variable ''.
DEFINE NCSU_TechLib_tsmc03 $CDK_DIR/lib/NCSU_TechLib_tsmc03
|
xrun: *W,DLCVAR (/home/grads/n/nithingowtham25/cds.lib,13): cds.lib Invalid environment variable ''.
DEFINE NCSU_TechLib_tsmc03d $CDK_DIR/lib/NCSU_TechLib_tsmc03d
|
xrun: *W,DLCVAR (/home/grads/n/nithingowtham25/cds.lib,14): cds.lib Invalid environment variable ''.
DEFINE NCSU_TechLib_tsmc04_4M2P $CDK_DIR/lib/NCSU_TechLib_tsmc04_4M2P
|
xrun: *W,DLCVAR (/home/grads/n/nithingowtham25/cds.lib,15): cds.lib Invalid environment variable ''.
SOFTINCLUDE $SYSTEM_CDS_LIB_DIR/cds.lib
|
xrun: *W,DLCVAR (/home/grads/n/nithingowtham25/cds.lib,3): cds.lib Invalid environment variable ''.
DEFINE basic $CDK_DIR/lib/basic
|
xrun: *W,DLCVAR (/home/grads/n/nithingowtham25/cds.lib,4): cds.lib Invalid environment variable ''.
DEFINE NCSU_Analog_Parts $CDK_DIR/lib/NCSU_Analog_Parts
|
xrun: *W,DLCVAR (/home/grads/n/nithingowtham25/cds.lib,5): cds.lib Invalid environment variable ''.
DEFINE NCSU_Digital_Parts $CDK_DIR/lib/NCSU_Digital_Parts
|
xrun: *W,DLCVAR (/home/grads/n/nithingowtham25/cds.lib,6): cds.lib Invalid environment variable ''.
DEFINE NCSU_TechLib_ami06 $CDK_DIR/lib/NCSU_TechLib_ami06
|
xrun: *W,DLCVAR (/home/grads/n/nithingowtham25/cds.lib,8): cds.lib Invalid environment variable ''.
DEFINE NCSU_TechLib_ami16 $CDK_DIR/lib/NCSU_TechLib_ami16
|
xrun: *W,DLCVAR (/home/grads/n/nithingowtham25/cds.lib,9): cds.lib Invalid environment variable ''.
DEFINE NCSU_TechLib_hp06 $CDK_DIR/lib/NCSU_TechLib_hp06
|
xrun: *W,DLCVAR (/home/grads/n/nithingowtham25/cds.lib,10): cds.lib Invalid environment variable ''.
DEFINE NCSU_TechLib_tsmc02 $CDK_DIR/lib/NCSU_TechLib_tsmc02
|
xrun: *W,DLCVAR (/home/grads/n/nithingowtham25/cds.lib,11): cds.lib Invalid environment variable ''.
DEFINE NCSU_TechLib_tsmc02d $CDK_DIR/lib/NCSU_TechLib_tsmc02d
|
xrun: *W,DLCVAR (/home/grads/n/nithingowtham25/cds.lib,12): cds.lib Invalid environment variable ''.
DEFINE NCSU_TechLib_tsmc03 $CDK_DIR/lib/NCSU_TechLib_tsmc03
|
xrun: *W,DLCVAR (/home/grads/n/nithingowtham25/cds.lib,13): cds.lib Invalid environment variable ''.
DEFINE NCSU_TechLib_tsmc03d $CDK_DIR/lib/NCSU_TechLib_tsmc03d
|
xrun: *W,DLCVAR (/home/grads/n/nithingowtham25/cds.lib,14): cds.lib Invalid environment variable ''.
DEFINE NCSU_TechLib_tsmc04_4M2P $CDK_DIR/lib/NCSU_TechLib_tsmc04_4M2P
|
xrun: *W,DLCVAR (/home/grads/n/nithingowtham25/cds.lib,15): cds.lib Invalid environment variable ''.
SOFTINCLUDE $SYSTEM_CDS_LIB_DIR/cds.lib
|
xrun: *W,DLCVAR (/home/grads/n/nithingowtham25/cds.lib,3): cds.lib Invalid environment variable ''.
DEFINE basic $CDK_DIR/lib/basic
|
xrun: *W,DLCVAR (/home/grads/n/nithingowtham25/cds.lib,4): cds.lib Invalid environment variable ''.
DEFINE NCSU_Analog_Parts $CDK_DIR/lib/NCSU_Analog_Parts
|
xrun: *W,DLCVAR (/home/grads/n/nithingowtham25/cds.lib,5): cds.lib Invalid environment variable ''.
DEFINE NCSU_Digital_Parts $CDK_DIR/lib/NCSU_Digital_Parts
|
xrun: *W,DLCVAR (/home/grads/n/nithingowtham25/cds.lib,6): cds.lib Invalid environment variable ''.
DEFINE NCSU_TechLib_ami06 $CDK_DIR/lib/NCSU_TechLib_ami06
|
xrun: *W,DLCVAR (/home/grads/n/nithingowtham25/cds.lib,8): cds.lib Invalid environment variable ''.
DEFINE NCSU_TechLib_ami16 $CDK_DIR/lib/NCSU_TechLib_ami16
|
xrun: *W,DLCVAR (/home/grads/n/nithingowtham25/cds.lib,9): cds.lib Invalid environment variable ''.
DEFINE NCSU_TechLib_hp06 $CDK_DIR/lib/NCSU_TechLib_hp06
|
xrun: *W,DLCVAR (/home/grads/n/nithingowtham25/cds.lib,10): cds.lib Invalid environment variable ''.
DEFINE NCSU_TechLib_tsmc02 $CDK_DIR/lib/NCSU_TechLib_tsmc02
|
xrun: *W,DLCVAR (/home/grads/n/nithingowtham25/cds.lib,11): cds.lib Invalid environment variable ''.
DEFINE NCSU_TechLib_tsmc02d $CDK_DIR/lib/NCSU_TechLib_tsmc02d
|
xrun: *W,DLCVAR (/home/grads/n/nithingowtham25/cds.lib,12): cds.lib Invalid environment variable ''.
DEFINE NCSU_TechLib_tsmc03 $CDK_DIR/lib/NCSU_TechLib_tsmc03
|
xrun: *W,DLCVAR (/home/grads/n/nithingowtham25/cds.lib,13): cds.lib Invalid environment variable ''.
DEFINE NCSU_TechLib_tsmc03d $CDK_DIR/lib/NCSU_TechLib_tsmc03d
|
xrun: *W,DLCVAR (/home/grads/n/nithingowtham25/cds.lib,14): cds.lib Invalid environment variable ''.
DEFINE NCSU_TechLib_tsmc04_4M2P $CDK_DIR/lib/NCSU_TechLib_tsmc04_4M2P
|
xrun: *W,DLCVAR (/home/grads/n/nithingowtham25/cds.lib,15): cds.lib Invalid environment variable ''.
SOFTINCLUDE $SYSTEM_CDS_LIB_DIR/cds.lib
|
xrun: *W,DLCVAR (/home/grads/n/nithingowtham25/cds.lib,3): cds.lib Invalid environment variable ''.
DEFINE basic $CDK_DIR/lib/basic
|
xrun: *W,DLCVAR (/home/grads/n/nithingowtham25/cds.lib,4): cds.lib Invalid environment variable ''.
DEFINE NCSU_Analog_Parts $CDK_DIR/lib/NCSU_Analog_Parts
|
xrun: *W,DLCVAR (/home/grads/n/nithingowtham25/cds.lib,5): cds.lib Invalid environment variable ''.
DEFINE NCSU_Digital_Parts $CDK_DIR/lib/NCSU_Digital_Parts
|
xrun: *W,DLCVAR (/home/grads/n/nithingowtham25/cds.lib,6): cds.lib Invalid environment variable ''.
DEFINE NCSU_TechLib_ami06 $CDK_DIR/lib/NCSU_TechLib_ami06
|
xrun: *W,DLCVAR (/home/grads/n/nithingowtham25/cds.lib,8): cds.lib Invalid environment variable ''.
DEFINE NCSU_TechLib_ami16 $CDK_DIR/lib/NCSU_TechLib_ami16
|
xrun: *W,DLCVAR (/home/grads/n/nithingowtham25/cds.lib,9): cds.lib Invalid environment variable ''.
DEFINE NCSU_TechLib_hp06 $CDK_DIR/lib/NCSU_TechLib_hp06
|
xrun: *W,DLCVAR (/home/grads/n/nithingowtham25/cds.lib,10): cds.lib Invalid environment variable ''.
DEFINE NCSU_TechLib_tsmc02 $CDK_DIR/lib/NCSU_TechLib_tsmc02
|
xrun: *W,DLCVAR (/home/grads/n/nithingowtham25/cds.lib,11): cds.lib Invalid environment variable ''.
DEFINE NCSU_TechLib_tsmc02d $CDK_DIR/lib/NCSU_TechLib_tsmc02d
|
xrun: *W,DLCVAR (/home/grads/n/nithingowtham25/cds.lib,12): cds.lib Invalid environment variable ''.
DEFINE NCSU_TechLib_tsmc03 $CDK_DIR/lib/NCSU_TechLib_tsmc03
|
xrun: *W,DLCVAR (/home/grads/n/nithingowtham25/cds.lib,13): cds.lib Invalid environment variable ''.
DEFINE NCSU_TechLib_tsmc03d $CDK_DIR/lib/NCSU_TechLib_tsmc03d
|
xrun: *W,DLCVAR (/home/grads/n/nithingowtham25/cds.lib,14): cds.lib Invalid environment variable ''.
DEFINE NCSU_TechLib_tsmc04_4M2P $CDK_DIR/lib/NCSU_TechLib_tsmc04_4M2P
|
xrun: *W,DLCVAR (/home/grads/n/nithingowtham25/cds.lib,15): cds.lib Invalid environment variable ''.
SOFTINCLUDE $SYSTEM_CDS_LIB_DIR/cds.lib
|
xrun: *W,DLCVAR (/home/grads/n/nithingowtham25/cds.lib,3): cds.lib Invalid environment variable ''.
DEFINE basic $CDK_DIR/lib/basic
|
xrun: *W,DLCVAR (/home/grads/n/nithingowtham25/cds.lib,4): cds.lib Invalid environment variable ''.
DEFINE NCSU_Analog_Parts $CDK_DIR/lib/NCSU_Analog_Parts
|
xrun: *W,DLCVAR (/home/grads/n/nithingowtham25/cds.lib,5): cds.lib Invalid environment variable ''.
DEFINE NCSU_Digital_Parts $CDK_DIR/lib/NCSU_Digital_Parts
|
xrun: *W,DLCVAR (/home/grads/n/nithingowtham25/cds.lib,6): cds.lib Invalid environment variable ''.
DEFINE NCSU_TechLib_ami06 $CDK_DIR/lib/NCSU_TechLib_ami06
|
xrun: *W,DLCVAR (/home/grads/n/nithingowtham25/cds.lib,8): cds.lib Invalid environment variable ''.
DEFINE NCSU_TechLib_ami16 $CDK_DIR/lib/NCSU_TechLib_ami16
|
xrun: *W,DLCVAR (/home/grads/n/nithingowtham25/cds.lib,9): cds.lib Invalid environment variable ''.
DEFINE NCSU_TechLib_hp06 $CDK_DIR/lib/NCSU_TechLib_hp06
|
xrun: *W,DLCVAR (/home/grads/n/nithingowtham25/cds.lib,10): cds.lib Invalid environment variable ''.
DEFINE NCSU_TechLib_tsmc02 $CDK_DIR/lib/NCSU_TechLib_tsmc02
|
xrun: *W,DLCVAR (/home/grads/n/nithingowtham25/cds.lib,11): cds.lib Invalid environment variable ''.
DEFINE NCSU_TechLib_tsmc02d $CDK_DIR/lib/NCSU_TechLib_tsmc02d
|
xrun: *W,DLCVAR (/home/grads/n/nithingowtham25/cds.lib,12): cds.lib Invalid environment variable ''.
DEFINE NCSU_TechLib_tsmc03 $CDK_DIR/lib/NCSU_TechLib_tsmc03
|
xrun: *W,DLCVAR (/home/grads/n/nithingowtham25/cds.lib,13): cds.lib Invalid environment variable ''.
DEFINE NCSU_TechLib_tsmc03d $CDK_DIR/lib/NCSU_TechLib_tsmc03d
|
xrun: *W,DLCVAR (/home/grads/n/nithingowtham25/cds.lib,14): cds.lib Invalid environment variable ''.
DEFINE NCSU_TechLib_tsmc04_4M2P $CDK_DIR/lib/NCSU_TechLib_tsmc04_4M2P
|
xrun: *W,DLCVAR (/home/grads/n/nithingowtham25/cds.lib,15): cds.lib Invalid environment variable ''.
Compiling UVM packages (uvm_pkg.sv cdns_uvm_pkg.sv) using uvmhome location /opt/coe/cadence/XCELIUM/tools/methodology/UVM/CDNS-1.1d/sv
SOFTINCLUDE $SYSTEM_CDS_LIB_DIR/cds.lib
|
xmvlog: *W,DLCVAR (/home/grads/n/nithingowtham25/cds.lib,3): cds.lib Invalid environment variable ''.
DEFINE basic $CDK_DIR/lib/basic
|
xmvlog: *W,DLCVAR (/home/grads/n/nithingowtham25/cds.lib,4): cds.lib Invalid environment variable ''.
DEFINE NCSU_Analog_Parts $CDK_DIR/lib/NCSU_Analog_Parts
|
xmvlog: *W,DLCVAR (/home/grads/n/nithingowtham25/cds.lib,5): cds.lib Invalid environment variable ''.
DEFINE NCSU_Digital_Parts $CDK_DIR/lib/NCSU_Digital_Parts
|
xmvlog: *W,DLCVAR (/home/grads/n/nithingowtham25/cds.lib,6): cds.lib Invalid environment variable ''.
DEFINE NCSU_TechLib_ami06 $CDK_DIR/lib/NCSU_TechLib_ami06
|
xmvlog: *W,DLCVAR (/home/grads/n/nithingowtham25/cds.lib,8): cds.lib Invalid environment variable ''.
DEFINE NCSU_TechLib_ami16 $CDK_DIR/lib/NCSU_TechLib_ami16
|
xmvlog: *W,DLCVAR (/home/grads/n/nithingowtham25/cds.lib,9): cds.lib Invalid environment variable ''.
DEFINE NCSU_TechLib_hp06 $CDK_DIR/lib/NCSU_TechLib_hp06
|
xmvlog: *W,DLCVAR (/home/grads/n/nithingowtham25/cds.lib,10): cds.lib Invalid environment variable ''.
DEFINE NCSU_TechLib_tsmc02 $CDK_DIR/lib/NCSU_TechLib_tsmc02
|
xmvlog: *W,DLCVAR (/home/grads/n/nithingowtham25/cds.lib,11): cds.lib Invalid environment variable ''.
DEFINE NCSU_TechLib_tsmc02d $CDK_DIR/lib/NCSU_TechLib_tsmc02d
|
xmvlog: *W,DLCVAR (/home/grads/n/nithingowtham25/cds.lib,12): cds.lib Invalid environment variable ''.
DEFINE NCSU_TechLib_tsmc03 $CDK_DIR/lib/NCSU_TechLib_tsmc03
|
xmvlog: *W,DLCVAR (/home/grads/n/nithingowtham25/cds.lib,13): cds.lib Invalid environment variable ''.
DEFINE NCSU_TechLib_tsmc03d $CDK_DIR/lib/NCSU_TechLib_tsmc03d
|
xmvlog: *W,DLCVAR (/home/grads/n/nithingowtham25/cds.lib,14): cds.lib Invalid environment variable ''.
DEFINE NCSU_TechLib_tsmc04_4M2P $CDK_DIR/lib/NCSU_TechLib_tsmc04_4M2P
|
xmvlog: *W,DLCVAR (/home/grads/n/nithingowtham25/cds.lib,15): cds.lib Invalid environment variable ''.
SOFTINCLUDE $SYSTEM_CDS_LIB_DIR/cds.lib
|
xmvlog: *W,DLCVAR (/home/grads/n/nithingowtham25/cds.lib,3): cds.lib Invalid environment variable ''.
DEFINE basic $CDK_DIR/lib/basic
|
xmvlog: *W,DLCVAR (/home/grads/n/nithingowtham25/cds.lib,4): cds.lib Invalid environment variable ''.
DEFINE NCSU_Analog_Parts $CDK_DIR/lib/NCSU_Analog_Parts
|
xmvlog: *W,DLCVAR (/home/grads/n/nithingowtham25/cds.lib,5): cds.lib Invalid environment variable ''.
DEFINE NCSU_Digital_Parts $CDK_DIR/lib/NCSU_Digital_Parts
|
xmvlog: *W,DLCVAR (/home/grads/n/nithingowtham25/cds.lib,6): cds.lib Invalid environment variable ''.
DEFINE NCSU_TechLib_ami06 $CDK_DIR/lib/NCSU_TechLib_ami06
|
xmvlog: *W,DLCVAR (/home/grads/n/nithingowtham25/cds.lib,8): cds.lib Invalid environment variable ''.
DEFINE NCSU_TechLib_ami16 $CDK_DIR/lib/NCSU_TechLib_ami16
|
xmvlog: *W,DLCVAR (/home/grads/n/nithingowtham25/cds.lib,9): cds.lib Invalid environment variable ''.
DEFINE NCSU_TechLib_hp06 $CDK_DIR/lib/NCSU_TechLib_hp06
|
xmvlog: *W,DLCVAR (/home/grads/n/nithingowtham25/cds.lib,10): cds.lib Invalid environment variable ''.
DEFINE NCSU_TechLib_tsmc02 $CDK_DIR/lib/NCSU_TechLib_tsmc02
|
xmvlog: *W,DLCVAR (/home/grads/n/nithingowtham25/cds.lib,11): cds.lib Invalid environment variable ''.
DEFINE NCSU_TechLib_tsmc02d $CDK_DIR/lib/NCSU_TechLib_tsmc02d
|
xmvlog: *W,DLCVAR (/home/grads/n/nithingowtham25/cds.lib,12): cds.lib Invalid environment variable ''.
DEFINE NCSU_TechLib_tsmc03 $CDK_DIR/lib/NCSU_TechLib_tsmc03
|
xmvlog: *W,DLCVAR (/home/grads/n/nithingowtham25/cds.lib,13): cds.lib Invalid environment variable ''.
DEFINE NCSU_TechLib_tsmc03d $CDK_DIR/lib/NCSU_TechLib_tsmc03d
|
xmvlog: *W,DLCVAR (/home/grads/n/nithingowtham25/cds.lib,14): cds.lib Invalid environment variable ''.
DEFINE NCSU_TechLib_tsmc04_4M2P $CDK_DIR/lib/NCSU_TechLib_tsmc04_4M2P
|
xmvlog: *W,DLCVAR (/home/grads/n/nithingowtham25/cds.lib,15): cds.lib Invalid environment variable ''.
file: ../sv/yapp_pkg.sv
	package worklib.yapp_pkg:sv
		errors: 0, warnings: 0
file: ../sv/yapp_if.sv
	interface worklib.yapp_if:sv
		errors: 0, warnings: 0
file: clkgen.sv
	module worklib.clkgen:sv
		errors: 0, warnings: 0
file: tb_top.sv
	module worklib.tb_top:sv
		errors: 0, warnings: 0
file: hw_top.sv
	module worklib.hw_top:sv
		errors: 0, warnings: 0
	Total errors/warnings found outside modules and primitives:
		errors: 0, warnings: 12
SOFTINCLUDE $SYSTEM_CDS_LIB_DIR/cds.lib
|
xrun: *W,DLCVAR (/home/grads/n/nithingowtham25/cds.lib,3): cds.lib Invalid environment variable ''.
DEFINE basic $CDK_DIR/lib/basic
|
xrun: *W,DLCVAR (/home/grads/n/nithingowtham25/cds.lib,4): cds.lib Invalid environment variable ''.
DEFINE NCSU_Analog_Parts $CDK_DIR/lib/NCSU_Analog_Parts
|
xrun: *W,DLCVAR (/home/grads/n/nithingowtham25/cds.lib,5): cds.lib Invalid environment variable ''.
DEFINE NCSU_Digital_Parts $CDK_DIR/lib/NCSU_Digital_Parts
|
xrun: *W,DLCVAR (/home/grads/n/nithingowtham25/cds.lib,6): cds.lib Invalid environment variable ''.
DEFINE NCSU_TechLib_ami06 $CDK_DIR/lib/NCSU_TechLib_ami06
|
xrun: *W,DLCVAR (/home/grads/n/nithingowtham25/cds.lib,8): cds.lib Invalid environment variable ''.
DEFINE NCSU_TechLib_ami16 $CDK_DIR/lib/NCSU_TechLib_ami16
|
xrun: *W,DLCVAR (/home/grads/n/nithingowtham25/cds.lib,9): cds.lib Invalid environment variable ''.
DEFINE NCSU_TechLib_hp06 $CDK_DIR/lib/NCSU_TechLib_hp06
|
xrun: *W,DLCVAR (/home/grads/n/nithingowtham25/cds.lib,10): cds.lib Invalid environment variable ''.
DEFINE NCSU_TechLib_tsmc02 $CDK_DIR/lib/NCSU_TechLib_tsmc02
|
xrun: *W,DLCVAR (/home/grads/n/nithingowtham25/cds.lib,11): cds.lib Invalid environment variable ''.
DEFINE NCSU_TechLib_tsmc02d $CDK_DIR/lib/NCSU_TechLib_tsmc02d
|
xrun: *W,DLCVAR (/home/grads/n/nithingowtham25/cds.lib,12): cds.lib Invalid environment variable ''.
DEFINE NCSU_TechLib_tsmc03 $CDK_DIR/lib/NCSU_TechLib_tsmc03
|
xrun: *W,DLCVAR (/home/grads/n/nithingowtham25/cds.lib,13): cds.lib Invalid environment variable ''.
DEFINE NCSU_TechLib_tsmc03d $CDK_DIR/lib/NCSU_TechLib_tsmc03d
|
xrun: *W,DLCVAR (/home/grads/n/nithingowtham25/cds.lib,14): cds.lib Invalid environment variable ''.
DEFINE NCSU_TechLib_tsmc04_4M2P $CDK_DIR/lib/NCSU_TechLib_tsmc04_4M2P
|
xrun: *W,DLCVAR (/home/grads/n/nithingowtham25/cds.lib,15): cds.lib Invalid environment variable ''.
SOFTINCLUDE $SYSTEM_CDS_LIB_DIR/cds.lib
|
xrun: *W,DLCVAR (/home/grads/n/nithingowtham25/cds.lib,3): cds.lib Invalid environment variable ''.
DEFINE basic $CDK_DIR/lib/basic
|
xrun: *W,DLCVAR (/home/grads/n/nithingowtham25/cds.lib,4): cds.lib Invalid environment variable ''.
DEFINE NCSU_Analog_Parts $CDK_DIR/lib/NCSU_Analog_Parts
|
xrun: *W,DLCVAR (/home/grads/n/nithingowtham25/cds.lib,5): cds.lib Invalid environment variable ''.
DEFINE NCSU_Digital_Parts $CDK_DIR/lib/NCSU_Digital_Parts
|
xrun: *W,DLCVAR (/home/grads/n/nithingowtham25/cds.lib,6): cds.lib Invalid environment variable ''.
DEFINE NCSU_TechLib_ami06 $CDK_DIR/lib/NCSU_TechLib_ami06
|
xrun: *W,DLCVAR (/home/grads/n/nithingowtham25/cds.lib,8): cds.lib Invalid environment variable ''.
DEFINE NCSU_TechLib_ami16 $CDK_DIR/lib/NCSU_TechLib_ami16
|
xrun: *W,DLCVAR (/home/grads/n/nithingowtham25/cds.lib,9): cds.lib Invalid environment variable ''.
DEFINE NCSU_TechLib_hp06 $CDK_DIR/lib/NCSU_TechLib_hp06
|
xrun: *W,DLCVAR (/home/grads/n/nithingowtham25/cds.lib,10): cds.lib Invalid environment variable ''.
DEFINE NCSU_TechLib_tsmc02 $CDK_DIR/lib/NCSU_TechLib_tsmc02
|
xrun: *W,DLCVAR (/home/grads/n/nithingowtham25/cds.lib,11): cds.lib Invalid environment variable ''.
DEFINE NCSU_TechLib_tsmc02d $CDK_DIR/lib/NCSU_TechLib_tsmc02d
|
xrun: *W,DLCVAR (/home/grads/n/nithingowtham25/cds.lib,12): cds.lib Invalid environment variable ''.
DEFINE NCSU_TechLib_tsmc03 $CDK_DIR/lib/NCSU_TechLib_tsmc03
|
xrun: *W,DLCVAR (/home/grads/n/nithingowtham25/cds.lib,13): cds.lib Invalid environment variable ''.
DEFINE NCSU_TechLib_tsmc03d $CDK_DIR/lib/NCSU_TechLib_tsmc03d
|
xrun: *W,DLCVAR (/home/grads/n/nithingowtham25/cds.lib,14): cds.lib Invalid environment variable ''.
DEFINE NCSU_TechLib_tsmc04_4M2P $CDK_DIR/lib/NCSU_TechLib_tsmc04_4M2P
|
xrun: *W,DLCVAR (/home/grads/n/nithingowtham25/cds.lib,15): cds.lib Invalid environment variable ''.
SOFTINCLUDE $SYSTEM_CDS_LIB_DIR/cds.lib
|
xmelab: *W,DLCVAR (/home/grads/n/nithingowtham25/cds.lib,3): cds.lib Invalid environment variable ''.
DEFINE basic $CDK_DIR/lib/basic
|
xmelab: *W,DLCVAR (/home/grads/n/nithingowtham25/cds.lib,4): cds.lib Invalid environment variable ''.
DEFINE NCSU_Analog_Parts $CDK_DIR/lib/NCSU_Analog_Parts
|
xmelab: *W,DLCVAR (/home/grads/n/nithingowtham25/cds.lib,5): cds.lib Invalid environment variable ''.
DEFINE NCSU_Digital_Parts $CDK_DIR/lib/NCSU_Digital_Parts
|
xmelab: *W,DLCVAR (/home/grads/n/nithingowtham25/cds.lib,6): cds.lib Invalid environment variable ''.
DEFINE NCSU_TechLib_ami06 $CDK_DIR/lib/NCSU_TechLib_ami06
|
xmelab: *W,DLCVAR (/home/grads/n/nithingowtham25/cds.lib,8): cds.lib Invalid environment variable ''.
DEFINE NCSU_TechLib_ami16 $CDK_DIR/lib/NCSU_TechLib_ami16
|
xmelab: *W,DLCVAR (/home/grads/n/nithingowtham25/cds.lib,9): cds.lib Invalid environment variable ''.
DEFINE NCSU_TechLib_hp06 $CDK_DIR/lib/NCSU_TechLib_hp06
|
xmelab: *W,DLCVAR (/home/grads/n/nithingowtham25/cds.lib,10): cds.lib Invalid environment variable ''.
DEFINE NCSU_TechLib_tsmc02 $CDK_DIR/lib/NCSU_TechLib_tsmc02
|
xmelab: *W,DLCVAR (/home/grads/n/nithingowtham25/cds.lib,11): cds.lib Invalid environment variable ''.
DEFINE NCSU_TechLib_tsmc02d $CDK_DIR/lib/NCSU_TechLib_tsmc02d
|
xmelab: *W,DLCVAR (/home/grads/n/nithingowtham25/cds.lib,12): cds.lib Invalid environment variable ''.
DEFINE NCSU_TechLib_tsmc03 $CDK_DIR/lib/NCSU_TechLib_tsmc03
|
xmelab: *W,DLCVAR (/home/grads/n/nithingowtham25/cds.lib,13): cds.lib Invalid environment variable ''.
DEFINE NCSU_TechLib_tsmc03d $CDK_DIR/lib/NCSU_TechLib_tsmc03d
|
xmelab: *W,DLCVAR (/home/grads/n/nithingowtham25/cds.lib,14): cds.lib Invalid environment variable ''.
DEFINE NCSU_TechLib_tsmc04_4M2P $CDK_DIR/lib/NCSU_TechLib_tsmc04_4M2P
|
xmelab: *W,DLCVAR (/home/grads/n/nithingowtham25/cds.lib,15): cds.lib Invalid environment variable ''.
		Caching library 'worklib' ....... Done
	Elaborating the design hierarchy:
	Top level design units:
		uvm_pkg
		cdns_uvmapi
		cdns_assert2uvm_pkg
		cdns_uvm_pkg
		yapp_pkg
		tb_top
		hw_top
xmelab: *W,DSEMEL: This SystemVerilog design will be simulated as per IEEE 1800-2009 SystemVerilog simulation semantics. Use -disable_sem2009 option for turning off SV 2009 simulation semantics.
	Building instance overlay tables: .................... Done
	Generating native compiled code:
SOFTINCLUDE $SYSTEM_CDS_LIB_DIR/cds.lib
|
xmvlog_cg: *W,DLCVAR (/home/grads/n/nithingowtham25/cds.lib,3): cds.lib Invalid environment variable ''.
DEFINE basic $CDK_DIR/lib/basic
|
xmvlog_cg: *W,DLCVAR (/home/grads/n/nithingowtham25/cds.lib,4): cds.lib Invalid environment variable ''.
DEFINE NCSU_Analog_Parts $CDK_DIR/lib/NCSU_Analog_Parts
|
xmvlog_cg: *W,DLCVAR (/home/grads/n/nithingowtham25/cds.lib,5): cds.lib Invalid environment variable ''.
DEFINE NCSU_Digital_Parts $CDK_DIR/lib/NCSU_Digital_Parts
|
xmvlog_cg: *W,DLCVAR (/home/grads/n/nithingowtham25/cds.lib,6): cds.lib Invalid environment variable ''.
DEFINE NCSU_TechLib_ami06 $CDK_DIR/lib/NCSU_TechLib_ami06
|
xmvlog_cg: *W,DLCVAR (/home/grads/n/nithingowtham25/cds.lib,8): cds.lib Invalid environment variable ''.
DEFINE NCSU_TechLib_ami16 $CDK_DIR/lib/NCSU_TechLib_ami16
|
xmvlog_cg: *W,DLCVAR (/home/grads/n/nithingowtham25/cds.lib,9): cds.lib Invalid environment variable ''.
DEFINE NCSU_TechLib_hp06 $CDK_DIR/lib/NCSU_TechLib_hp06
|
xmvlog_cg: *W,DLCVAR (/home/grads/n/nithingowtham25/cds.lib,10): cds.lib Invalid environment variable ''.
DEFINE NCSU_TechLib_tsmc02 $CDK_DIR/lib/NCSU_TechLib_tsmc02
|
xmvlog_cg: *W,DLCVAR (/home/grads/n/nithingowtham25/cds.lib,11): cds.lib Invalid environment variable ''.
DEFINE NCSU_TechLib_tsmc02d $CDK_DIR/lib/NCSU_TechLib_tsmc02d
|
xmvlog_cg: *W,DLCVAR (/home/grads/n/nithingowtham25/cds.lib,12): cds.lib Invalid environment variable ''.
DEFINE NCSU_TechLib_tsmc03 $CDK_DIR/lib/NCSU_TechLib_tsmc03
|
xmvlog_cg: *W,DLCVAR (/home/grads/n/nithingowtham25/cds.lib,13): cds.lib Invalid environment variable ''.
DEFINE NCSU_TechLib_tsmc03d $CDK_DIR/lib/NCSU_TechLib_tsmc03d
|
xmvlog_cg: *W,DLCVAR (/home/grads/n/nithingowtham25/cds.lib,14): cds.lib Invalid environment variable ''.
DEFINE NCSU_TechLib_tsmc04_4M2P $CDK_DIR/lib/NCSU_TechLib_tsmc04_4M2P
|
xmvlog_cg: *W,DLCVAR (/home/grads/n/nithingowtham25/cds.lib,15): cds.lib Invalid environment variable ''.
		worklib.clkgen:sv <0x4daaf25f>
			streams:   2, words:   877
		worklib.tb_top:sv <0x44ebe858>
			streams: 166, words: 109021
		worklib.hw_top:sv <0x6f86cd8d>
			streams:   7, words:  2948
		worklib.yapp_if:sv <0x2c02adb0>
			streams: 692, words: 814582
		worklib.cdns_uvm_pkg:sv <0x05a5fadf>
			streams: 172, words: 246637
		worklib.cdns_uvmapi:svp <0x4ce36cd3>
			streams:  27, words: 28214
		worklib.cdns_assert2uvm_pkg:sv <0x238b1bcc>
			streams:   3, words:  1664
		worklib.uvm_pkg:sv <0x70998d92>
			streams: 4538, words: 6768243
	Building instance specific data structures.
	Loading native compiled code:     .................... Done
	Design hierarchy summary:
		                       Instances  Unique
		Modules:                       3       3
		Interfaces:                    1       1
		Verilog packages:              5       5
		Registers:                 14449   10479
		Scalar wires:                  6       -
		Vectored wires:                1       -
		Named events:                  5      13
		Always blocks:                 6       6
		Initial blocks:              328     172
		Parallel blocks:              29      30
		Pseudo assignments:            4       4
		Assertions:                    3       3
		SV Class declarations:       212     326
		SV Class specializations:    408     408
		Simulation timescale:      100ps
	Writing initial simulation snapshot: worklib.tb_top:sv
SOFTINCLUDE $SYSTEM_CDS_LIB_DIR/cds.lib
|
xmsim: *W,DLCVAR (/home/grads/n/nithingowtham25/cds.lib,3): cds.lib Invalid environment variable ''.
DEFINE basic $CDK_DIR/lib/basic
|
xmsim: *W,DLCVAR (/home/grads/n/nithingowtham25/cds.lib,4): cds.lib Invalid environment variable ''.
DEFINE NCSU_Analog_Parts $CDK_DIR/lib/NCSU_Analog_Parts
|
xmsim: *W,DLCVAR (/home/grads/n/nithingowtham25/cds.lib,5): cds.lib Invalid environment variable ''.
DEFINE NCSU_Digital_Parts $CDK_DIR/lib/NCSU_Digital_Parts
|
xmsim: *W,DLCVAR (/home/grads/n/nithingowtham25/cds.lib,6): cds.lib Invalid environment variable ''.
DEFINE NCSU_TechLib_ami06 $CDK_DIR/lib/NCSU_TechLib_ami06
|
xmsim: *W,DLCVAR (/home/grads/n/nithingowtham25/cds.lib,8): cds.lib Invalid environment variable ''.
DEFINE NCSU_TechLib_ami16 $CDK_DIR/lib/NCSU_TechLib_ami16
|
xmsim: *W,DLCVAR (/home/grads/n/nithingowtham25/cds.lib,9): cds.lib Invalid environment variable ''.
DEFINE NCSU_TechLib_hp06 $CDK_DIR/lib/NCSU_TechLib_hp06
|
xmsim: *W,DLCVAR (/home/grads/n/nithingowtham25/cds.lib,10): cds.lib Invalid environment variable ''.
DEFINE NCSU_TechLib_tsmc02 $CDK_DIR/lib/NCSU_TechLib_tsmc02
|
xmsim: *W,DLCVAR (/home/grads/n/nithingowtham25/cds.lib,11): cds.lib Invalid environment variable ''.
DEFINE NCSU_TechLib_tsmc02d $CDK_DIR/lib/NCSU_TechLib_tsmc02d
|
xmsim: *W,DLCVAR (/home/grads/n/nithingowtham25/cds.lib,12): cds.lib Invalid environment variable ''.
DEFINE NCSU_TechLib_tsmc03 $CDK_DIR/lib/NCSU_TechLib_tsmc03
|
xmsim: *W,DLCVAR (/home/grads/n/nithingowtham25/cds.lib,13): cds.lib Invalid environment variable ''.
DEFINE NCSU_TechLib_tsmc03d $CDK_DIR/lib/NCSU_TechLib_tsmc03d
|
xmsim: *W,DLCVAR (/home/grads/n/nithingowtham25/cds.lib,14): cds.lib Invalid environment variable ''.
DEFINE NCSU_TechLib_tsmc04_4M2P $CDK_DIR/lib/NCSU_TechLib_tsmc04_4M2P
|
xmsim: *W,DLCVAR (/home/grads/n/nithingowtham25/cds.lib,15): cds.lib Invalid environment variable ''.
Loading snapshot worklib.tb_top:sv .................... Done
SVSEED default: 1
xmsim: *W,DSEM2009: This SystemVerilog design is simulated as per IEEE 1800-2009 SystemVerilog simulation semantics. Use -disable_sem2009 option for turning off SV 2009 simulation semantics.
xcelium> source /opt/coe/cadence/XCELIUM/tools/xcelium/files/xmsimrc
xcelium> source /opt/coe/cadence/XCELIUM/tools/methodology/UVM/CDNS-1.1d/sv/files/tcl/uvm_sim.tcl
xcelium> run
----------------------------------------------------------------
CDNS-UVM-1.1d (22.03-s012)
(C) 2007-2013 Mentor Graphics Corporation
(C) 2007-2013 Cadence Design Systems, Inc.
(C) 2006-2013 Synopsys, Inc.
(C) 2011-2013 Cypress Semiconductor Corp.
----------------------------------------------------------------

  ***********       IMPORTANT RELEASE NOTES         ************

  You are using a version of the UVM library that has been compiled
  with `UVM_NO_DEPRECATED undefined.
  See http://www.eda.org/svdb/view.php?id=3313 for more details.

  You are using a version of the UVM library that has been compiled
  with `UVM_OBJECT_MUST_HAVE_CONSTRUCTOR undefined.
  See http://www.eda.org/svdb/view.php?id=3770 for more details.

      (Specify +UVM_NO_RELNOTES to turn off this notice)

UVM_INFO @ 0: reporter [RNTST] Running test short_yapp_012_seq...
UVM_INFO @ 0: reporter [UVMTOP] UVM testbench topology:
----------------------------------------------------------------------
Name                         Type                     Size  Value     
----------------------------------------------------------------------
uvm_test_top                 short_yapp_012_seq       -     @2642     
  tb                         router_tb                -     @2727     
    yapp                     yapp_env                 -     @2759     
      tx_agent               yapp_tx_agent            -     @2788     
        driver               yapp_tx_driver           -     @3493     
          rsp_port           uvm_analysis_port        -     @3592     
          seq_item_port      uvm_seq_item_pull_port   -     @3543     
          num_sent           integral                 32    'h0       
        monitor              yapp_tx_monitor          -     @2824     
          num_pkt_col        integral                 32    'h0       
        sequencer            yapp_tx_sequencer        -     @2854     
          rsp_export         uvm_analysis_export      -     @2912     
          seq_item_export    uvm_seq_item_pull_imp    -     @3462     
          arbitration_queue  array                    0     -         
          lock_queue         array                    0     -         
          num_last_reqs      integral                 32    'd1       
          num_last_rsps      integral                 32    'd1       
        is_active            uvm_active_passive_enum  1     UVM_ACTIVE
----------------------------------------------------------------------

UVM_INFO ../sv/yapp_tx_seqs.sv(37) @ 0: uvm_test_top.tb.yapp.tx_agent.sequencer@@yapp_012_seq [yapp_012_seq] raise objection
UVM_INFO ../sv/yapp_tx_seqs.sv(128) @ 0: uvm_test_top.tb.yapp.tx_agent.sequencer@@yapp_012_seq [yapp_012_seq] Executing yapp_012_seq sequence
UVM_INFO ../sv/yapp_tx_driver.sv(50) @ 60: uvm_test_top.tb.yapp.tx_agent.driver [yapp_tx_driver] Reset dropped
UVM_INFO ../sv/yapp_tx_monitor.sv(44) @ 60: uvm_test_top.tb.yapp.tx_agent.monitor [yapp_tx_monitor] Detected Reset Done
UVM_INFO ../sv/yapp_tx_monitor.sv(60) @ 3100: uvm_test_top.tb.yapp.tx_agent.monitor [yapp_tx_monitor] Packet Collected :
----------------------------------------------------
Name            Type               Size  Value      
----------------------------------------------------
pkt             short_yapp_packet  -     @3742      
  addr          integral           2     'h0        
  length        integral           6     'ha        
  payload       da(integral)       10    -          
    [0]         integral           8     'h3d       
    [1]         integral           8     'h22       
    [2]         integral           8     'h3e       
    [3]         integral           8     'h37       
    [4]         integral           8     'hbf       
    [5]         integral           8     'h84       
    [6]         integral           8     'h32       
    [7]         integral           8     'h3        
    [8]         integral           8     'hdb       
    [9]         integral           8     'hb2       
  parity        integral           8     'h5d       
  parity_type   parity_type_e      1     GOOD_PARITY
  packet_delay  integral           32    'd0        
  begin_time    time               64    2000       
  end_time      time               64    3100       
----------------------------------------------------

UVM_INFO ../sv/yapp_tx_monitor.sv(60) @ 4900: uvm_test_top.tb.yapp.tx_agent.monitor [yapp_tx_monitor] Packet Collected :
---------------------------------------------------
Name            Type               Size  Value     
---------------------------------------------------
pkt             short_yapp_packet  -     @3853     
  addr          integral           2     'h1       
  length        integral           6     'hb       
  payload       da(integral)       11    -         
    [0]         integral           8     'h8b      
    [1]         integral           8     'hf4      
    [2]         integral           8     'h8a      
    [3]         integral           8     'hc4      
    [4]         integral           8     'h46      
    ...         ...                ...   ...       
    [6]         integral           8     'h2e      
    [7]         integral           8     'hfb      
    [8]         integral           8     'h65      
    [9]         integral           8     'h10      
    [10]        integral           8     'h4f      
  parity        integral           8     'h57      
  parity_type   parity_type_e      1     BAD_PARITY
  packet_delay  integral           32    'd0       
  begin_time    time               64    3700      
  end_time      time               64    4900      
---------------------------------------------------

UVM_INFO ../sv/yapp_tx_monitor.sv(60) @ 7600: uvm_test_top.tb.yapp.tx_agent.monitor [yapp_tx_monitor] Packet Collected :
---------------------------------------------------
Name            Type               Size  Value     
---------------------------------------------------
pkt             short_yapp_packet  -     @3880     
  addr          integral           2     'h2       
  length        integral           6     'h6       
  payload       da(integral)       6     -         
    [0]         integral           8     'h8d      
    [1]         integral           8     'hd5      
    [2]         integral           8     'h5d      
    [3]         integral           8     'h79      
    [4]         integral           8     'hdf      
    [5]         integral           8     'had      
  parity        integral           8     'h15      
  parity_type   parity_type_e      1     BAD_PARITY
  packet_delay  integral           32    'd0       
  begin_time    time               64    6900      
  end_time      time               64    7600      
---------------------------------------------------

UVM_INFO ../sv/yapp_tx_seqs.sv(51) @ 7650: uvm_test_top.tb.yapp.tx_agent.sequencer@@yapp_012_seq [yapp_012_seq] drop objection
UVM_INFO /opt/coe/cadence/XCELIUM/tools/methodology/UVM/CDNS-1.1d/sv/src/base/uvm_objection.svh(1268) @ 9650: reporter [TEST_DONE] 'run' phase is ready to proceed to the 'extract' phase
UVM_INFO @ 9650: uvm_test_top [CFGNRD]  ::: The following resources have at least one write and no reads :::
recording detail [/^uvm_test_top\..*$/] : (logic signed[4095:0]) 1
-  
  --------
  uvm_test_top reads: 0 @ 0  writes: 1 @ 0
 
UVM_INFO ../sv/yapp_tx_driver.sv(88) @ 9650: uvm_test_top.tb.yapp.tx_agent.driver [yapp_tx_driver] Report: YAPP TX driver sent 3 packets
UVM_INFO ../sv/yapp_tx_monitor.sv(67) @ 9650: uvm_test_top.tb.yapp.tx_agent.monitor [yapp_tx_monitor] Report: YAPP Monitor Collected 3 Packets

--- UVM Report catcher Summary ---


Number of demoted UVM_FATAL reports  :    0
Number of demoted UVM_ERROR reports  :    0
Number of demoted UVM_WARNING reports:    0
Number of caught UVM_FATAL reports   :    0
Number of caught UVM_ERROR reports   :    0
Number of caught UVM_WARNING reports :    0

--- UVM Report Summary ---

** Report counts by severity
UVM_INFO :   14
UVM_WARNING :    0
UVM_ERROR :    0
UVM_FATAL :    0
** Report counts by id
[CFGNRD]     1
[RNTST]     1
[TEST_DONE]     1
[UVMTOP]     1
[yapp_012_seq]     3
[yapp_tx_driver]     2
[yapp_tx_monitor]     5
Simulation complete via $finish(1) at time 965 NS + 46
/opt/coe/cadence/XCELIUM/tools/methodology/UVM/CDNS-1.1d/sv/src/base/uvm_root.svh:457     $finish;
xcelium> exit
TOOL:	xrun(64)	22.03-s012: Exiting on May 25, 2026 at 22:10:44 CDT  (total: 00:00:05)
